.CODE
PUSH lbl_main@Init
CALL

HALT

simple_heap_init: RET 0

simple_malloc: 
LOADFP
LOADSP
STOREFP
LOADHL
DUP
PUSH 1
ADD
STORE 4
LOAD 3
ADD
STOREHL
STOREFP
RET 1
.DATA
VT@Object: 
NOP

.CODE
lbl_debugPrint@Object: LOADFP
LOADSP
STOREFP
LOAD 3
IPRINT
lbl_final_debugPrint@Object: NOP
STOREFP
RET 1


lbl_constructor@Object: LOADFP
LOADSP
STOREFP
STOREFP
RET 0
.DATA
VT@String: 
NOP

.CODE

lbl_constructor@String: LOADFP
LOADSP
STOREFP
STOREFP
RET 0
.DATA
VT@System: 
NOP

.CODE
lbl_printC@System: LOADFP
LOADSP
STOREFP
LOAD 3
CPRINT
lbl_final_printC@System: NOP
STOREFP
RET 1

lbl_printS@System: LOADFP
LOADSP
STOREFP
LOAD 3
SPRINT
lbl_final_printS@System: NOP
STOREFP
RET 1

lbl_println@System: LOADFP
LOADSP
STOREFP
PRNLN
lbl_final_println@System: NOP
STOREFP
RET 0

lbl_printCln@System: LOADFP
LOADSP
STOREFP
LOAD 3
CPRINT
PRNLN
lbl_final_printCln@System: NOP
STOREFP
RET 1

lbl_printSln@System: LOADFP
LOADSP
STOREFP
LOAD 3
SPRINT
PRNLN
lbl_final_printSln@System: NOP
STOREFP
RET 1

lbl_read@System: LOADFP
LOADSP
STOREFP
READ
lbl_final_read@System: NOP
STOREFP
RET 0

lbl_printB@System: LOADFP
LOADSP
STOREFP
LOAD 3
BPRINT
lbl_final_printB@System: NOP
STOREFP
RET 1

lbl_printIln@System: LOADFP
LOADSP
STOREFP
LOAD 3
IPRINT
PRNLN
lbl_final_printIln@System: NOP
STOREFP
RET 1

lbl_printI@System: LOADFP
LOADSP
STOREFP
LOAD 3
IPRINT
lbl_final_printI@System: NOP
STOREFP
RET 1

lbl_printBln@System: LOADFP
LOADSP
STOREFP
LOAD 3
BPRINT
PRNLN
lbl_final_printBln@System: NOP
STOREFP
RET 1


lbl_constructor@System: LOADFP
LOADSP
STOREFP
STOREFP
RET 0
.DATA
VT@A: 

DW lbl_set@A
DW lbl_print@A

.CODE
lbl_print@A: LOADFP
LOADSP
STOREFP
LOAD 3
LOADREF 2
PUSH lbl_printIln@System
CALL
lbl_final_print@A: NOP
STOREFP
RET 1

lbl_set@A: LOADFP
LOADSP
STOREFP
LOAD 4
LOAD 3
SWAP
STOREREF 2
lbl_final_set@A: NOP
STOREFP
RET 2


lbl_constructor@A: LOADFP
LOADSP
STOREFP
STOREFP
RET 0
.DATA
VT@B: 
DW lbl_set@B
DW lbl_print@A


.CODE
lbl_set@B: LOADFP
LOADSP
STOREFP
LOAD 4
PUSH 0
GT
BF lbl_else@11
LOAD 4
LOAD 3
SWAP
STOREREF 2
JUMP lbl_fin_if@11
lbl_else@11: NOP
PUSH 1
NEG
LOAD 3
SWAP
STOREREF 2
lbl_fin_if@11: NOP
lbl_final_set@B: NOP
STOREFP
RET 2


lbl_constructor@B: LOADFP
LOADSP
STOREFP
STOREFP
RET 0
.DATA
VT@Init: 
NOP

.CODE
lbl_main@Init: LOADFP
LOADSP
STOREFP
RMEM 1
RMEM 1
PUSH 3
PUSH simple_malloc
CALL
DUP
PUSH VT@B
STOREREF 0
DUP
PUSH lbl_constructor@B
CALL
FMEM 1
STORE 0
LOAD 0
PUSH 5
SWAP
DUP
LOADREF 0
LOADREF 0
CALL
LOAD 0
DUP
LOADREF 0
LOADREF 1
CALL
LOAD 0
PUSH 3
NEG
SWAP
DUP
LOADREF 0
LOADREF 0
CALL
LOAD 0
DUP
LOADREF 0
LOADREF 1
CALL
lbl_final_main@Init: NOP
FMEM 1
STOREFP
RET 0


lbl_constructor@Init: LOADFP
LOADSP
STOREFP
STOREFP
RET 0
