.CODE
PUSH lblMetmain@Init
CALL

HALT

.DATA
lblVTObject: NOP

.CODE
lblMetdebugPrint@Init: LOADFP #Apila el valor del registro fp
LOADSP #Apila el valor del registro sp
STOREFP #Almacena el tope de la pila en el registro fp
FMEM 0
STOREFP #Apila el valor del registro sp
RET 0

lblConstructor@Init: LOADFP
LOADSP
STOREFP
FMEM 0
STOREFP
RET 1
.DATA
lblVTString: NOP

.CODE

lblConstructor@Init: LOADFP
LOADSP
STOREFP
FMEM 0
STOREFP
RET 1
.DATA
lblVTSystem: NOP

.CODE
lblMetprintC@Init: LOADFP #Apila el valor del registro fp
LOADSP #Apila el valor del registro sp
STOREFP #Almacena el tope de la pila en el registro fp
FMEM 0
STOREFP #Apila el valor del registro sp
RET 0
lblMetprintS@Init: LOADFP #Apila el valor del registro fp
LOADSP #Apila el valor del registro sp
STOREFP #Almacena el tope de la pila en el registro fp
FMEM 0
STOREFP #Apila el valor del registro sp
RET 0
lblMetprintln@Init: LOADFP #Apila el valor del registro fp
LOADSP #Apila el valor del registro sp
STOREFP #Almacena el tope de la pila en el registro fp
FMEM 0
STOREFP #Apila el valor del registro sp
RET 0
lblMetprintCln@Init: LOADFP #Apila el valor del registro fp
LOADSP #Apila el valor del registro sp
STOREFP #Almacena el tope de la pila en el registro fp
FMEM 0
STOREFP #Apila el valor del registro sp
RET 0
lblMetprintSln@Init: LOADFP #Apila el valor del registro fp
LOADSP #Apila el valor del registro sp
STOREFP #Almacena el tope de la pila en el registro fp
FMEM 0
STOREFP #Apila el valor del registro sp
RET 0
lblMetread@Init: LOADFP #Apila el valor del registro fp
LOADSP #Apila el valor del registro sp
STOREFP #Almacena el tope de la pila en el registro fp
FMEM 0
STOREFP #Apila el valor del registro sp
RET 0
lblMetprintB@Init: LOADFP #Apila el valor del registro fp
LOADSP #Apila el valor del registro sp
STOREFP #Almacena el tope de la pila en el registro fp
FMEM 0
STOREFP #Apila el valor del registro sp
RET 0
lblMetprintIln@Init: LOADFP #Apila el valor del registro fp
LOADSP #Apila el valor del registro sp
STOREFP #Almacena el tope de la pila en el registro fp
FMEM 0
STOREFP #Apila el valor del registro sp
RET 0
lblMetprintI@Init: LOADFP #Apila el valor del registro fp
LOADSP #Apila el valor del registro sp
STOREFP #Almacena el tope de la pila en el registro fp
FMEM 0
STOREFP #Apila el valor del registro sp
RET 0
lblMetprintBln@Init: LOADFP #Apila el valor del registro fp
LOADSP #Apila el valor del registro sp
STOREFP #Almacena el tope de la pila en el registro fp
FMEM 0
STOREFP #Apila el valor del registro sp
RET 0

lblConstructor@Init: LOADFP
LOADSP
STOREFP
FMEM 0
STOREFP
RET 1
.DATA
lblVTA: NOP

.CODE
lblMetmc@Init: LOADFP #Apila el valor del registro fp
LOADSP #Apila el valor del registro sp
STOREFP #Almacena el tope de la pila en el registro fp
PUSH 1234
PUSH lblMetdebugPrint@Object
CALL
PUSH lblMetdebugPrint@Object
CALL
FMEM 0
STOREFP #Apila el valor del registro sp
RET 0

lblConstructor@Init: LOADFP
LOADSP
STOREFP
FMEM 0
STOREFP
RET 1
.DATA
lblVTInit: NOP

.CODE
lblMetmain@Init: LOADFP #Apila el valor del registro fp
LOADSP #Apila el valor del registro sp
STOREFP #Almacena el tope de la pila en el registro fp
FMEM 0
STOREFP #Apila el valor del registro sp
RET 0

lblConstructor@Init: LOADFP
LOADSP
STOREFP
FMEM 0
STOREFP
RET 1
