.CODE
PUSH lbl_main@Init
CALL

HALT

simple_heap_init: RET 0

simple_malloc: 
LOADFP
LOADSP
STOREFP
LOADHL
DUP
PUSH 1
ADD
STORE 4
LOAD 3
ADD
STOREHL
STOREFP
RET 1
.DATA
VT@Object: 
NOP

.CODE
lbl_debugPrint@Object: LOADFP
LOADSP
STOREFP
LOAD 3
IPRINT
STOREFP
RET 1


lbl_constructor@Object: LOADFP
LOADSP
STOREFP
STOREFP
RET 0
.DATA
VT@String: 
NOP

.CODE

lbl_constructor@String: LOADFP
LOADSP
STOREFP
STOREFP
RET 0
.DATA
VT@System: 
NOP

.CODE
lbl_printC@System: LOADFP
LOADSP
STOREFP
LOAD 3
CPRINT
STOREFP
RET 1

lbl_printS@System: LOADFP
LOADSP
STOREFP
LOAD 3
SPRINT
STOREFP
RET 1

lbl_println@System: LOADFP
LOADSP
STOREFP
PRNLN
STOREFP
RET 0

lbl_printCln@System: LOADFP
LOADSP
STOREFP
LOAD 3
CPRINT
PRNLN
STOREFP
RET 1

lbl_printSln@System: LOADFP
LOADSP
STOREFP
LOAD 3
SPRINT
PRNLN
STOREFP
RET 1

lbl_read@System: LOADFP
LOADSP
STOREFP
READ
STOREFP
RET 0

lbl_printB@System: LOADFP
LOADSP
STOREFP
LOAD 3
BPRINT
STOREFP
RET 1

lbl_printIln@System: LOADFP
LOADSP
STOREFP
LOAD 3
IPRINT
PRNLN
STOREFP
RET 1

lbl_printI@System: LOADFP
LOADSP
STOREFP
LOAD 3
IPRINT
STOREFP
RET 1

lbl_printBln@System: LOADFP
LOADSP
STOREFP
LOAD 3
BPRINT
PRNLN
STOREFP
RET 1


lbl_constructor@System: LOADFP
LOADSP
STOREFP
STOREFP
RET 0
.DATA
VT@A: 
DW lbl_mc1@A
DW lbl_mc3@A
DW lbl_mc2@A

.CODE
lbl_mc1@A: LOADFP
LOADSP
STOREFP
PUSH 1234
PUSH lbl_debugPrint@Object
CALL
STOREFP
RET 0

lbl_mc3@A: LOADFP
LOADSP
STOREFP
PUSH 8888
PUSH lbl_debugPrint@Object
CALL
STOREFP
RET 0

lbl_mc2@A: LOADFP
LOADSP
STOREFP
PUSH 1111
PUSH lbl_debugPrint@Object
CALL
STOREFP
RET 0


lbl_constructor@A: LOADFP
LOADSP
STOREFP
STOREFP
RET 0
.DATA
VT@Init: 
NOP

.CODE
lbl_main@Init: LOADFP
LOADSP
STOREFP
RMEM 1
RMEM 1
PUSH 2
PUSH simple_malloc
CALL
DUP
PUSH VT@A
STOREREF 0
DUP
LOADSP
SWAP
STOREREF 3
PUSH lbl_constructor@A
CALL
FMEM 1
STORE 0
LOAD 0
DUP
LOADREF 0
LOADREF 0
CALL
LOADREF 1
LOAD 0
DUP
LOADREF 0
LOADREF 0
CALL
LOADREF 1
LOAD 0
DUP
LOADREF 0
LOADREF 0
CALL
LOADREF 1
FMEM 1
STOREFP
RET 0


lbl_constructor@Init: LOADFP
LOADSP
STOREFP
STOREFP
RET 0
