.CODE
PUSH lbl_main@Init
CALL

HALT

simple_heap_init: RET 0

simple_malloc: 
LOADFP
LOADSP
STOREFP
LOADHL
DUP
PUSH 1
ADD
STORE 4
LOAD 3
ADD
STOREHL
STOREFP
RET 1
.DATA
VT@Object: 
NOP

.CODE
lbl_debugPrint@Object: LOADFP
LOADSP
STOREFP
LOAD 3
IPRINT
STOREFP
RET 1


lbl_constructor@Object: LOADFP
LOADSP
STOREFP
STOREFP
RET 1
.DATA
VT@String: 
NOP

.CODE

lbl_constructor@String: LOADFP
LOADSP
STOREFP
STOREFP
RET 1
.DATA
VT@System: 
NOP

.CODE
lbl_printC@System: LOADFP
LOADSP
STOREFP
LOAD 3
CPRINT
STOREFP
RET 1

lbl_printS@System: LOADFP
LOADSP
STOREFP
LOAD 3
SPRINT
STOREFP
RET 1

lbl_println@System: LOADFP
LOADSP
STOREFP
PRNLN
STOREFP
RET 0

lbl_printCln@System: LOADFP
LOADSP
STOREFP
LOAD 3
CPRINT
PRNLN
STOREFP
RET 1

lbl_printSln@System: LOADFP
LOADSP
STOREFP
LOAD 3
SPRINT
PRNLN
STOREFP
RET 1

lbl_read@System: LOADFP
LOADSP
STOREFP
READ
STOREFP
RET 0

lbl_printB@System: LOADFP
LOADSP
STOREFP
LOAD 3
BPRINT
STOREFP
RET 1

lbl_printIln@System: LOADFP
LOADSP
STOREFP
LOAD 3
IPRINT
PRNLN
STOREFP
RET 1

lbl_printI@System: LOADFP
LOADSP
STOREFP
LOAD 3
IPRINT
STOREFP
RET 1

lbl_printBln@System: LOADFP
LOADSP
STOREFP
LOAD 3
BPRINT
PRNLN
STOREFP
RET 1


lbl_constructor@System: LOADFP
LOADSP
STOREFP
STOREFP
RET 1
.DATA
VT@Init: 
NOP

.CODE
lbl_main@Init: LOADFP
LOADSP
STOREFP
RMEM 2
PUSH 1
STORE 0
LOAD 0
PUSH lbl_printBln@System
CALL
PUSH 0
STORE -1
LOAD -1
PUSH lbl_printBln@System
CALL
FMEM 2
STOREFP
RET 0


lbl_constructor@Init: LOADFP
LOADSP
STOREFP
STOREFP
RET 1
