.CODE
PUSH lbl_main@Init
CALL

HALT

simple_heap_init: RET 0

simple_malloc: 
LOADFP
LOADSP
STOREFP
LOADHL
DUP
PUSH 1
ADD
STORE 4
LOAD 3
ADD
STOREHL
STOREFP
RET 1
.DATA
VT@Object: 
NOP

.CODE
lbl_debugPrint@Object: LOADFP
LOADSP
STOREFP
RMEM 0
LOAD 3
IPRINT
FMEM 0
STOREFP
RET 1


lbl_constructor@Object: NOP
.DATA
VT@String: 
NOP

.CODE

lbl_constructor@String: NOP
.DATA
VT@System: 
NOP

.CODE
lbl_printC@System: LOADFP
LOADSP
STOREFP
RMEM 0
LOAD 3
CPRINT
FMEM 0
STOREFP
RET 1

lbl_printS@System: LOADFP
LOADSP
STOREFP
RMEM 0
LOAD 3
SPRINT
FMEM 0
STOREFP
RET 1

lbl_println@System: LOADFP
LOADSP
STOREFP
RMEM 0
PRNLN
FMEM 0
STOREFP
RET 0

lbl_printCln@System: LOADFP
LOADSP
STOREFP
RMEM 0
LOAD 3
CPRINT
PRNLN
FMEM 0
STOREFP
RET 1

lbl_printSln@System: LOADFP
LOADSP
STOREFP
RMEM 0
LOAD 3
SPRINT
PRNLN
FMEM 0
STOREFP
RET 1

lbl_read@System: LOADFP
LOADSP
STOREFP
RMEM 0
READ
FMEM 0
STOREFP
RET 0

lbl_printB@System: LOADFP
LOADSP
STOREFP
RMEM 0
LOAD 3
BPRINT
FMEM 0
STOREFP
RET 1

lbl_printIln@System: LOADFP
LOADSP
STOREFP
RMEM 0
LOAD 3
IPRINT
PRNLN
FMEM 0
STOREFP
RET 1

lbl_printI@System: LOADFP
LOADSP
STOREFP
RMEM 0
LOAD 3
IPRINT
FMEM 0
STOREFP
RET 1

lbl_printBln@System: LOADFP
LOADSP
STOREFP
RMEM 0
LOAD 3
BPRINT
PRNLN
FMEM 0
STOREFP
RET 1


lbl_constructor@System: NOP
.DATA
VT@A: 
DW lbl_m1@A
DW lbl_setall@A

.CODE
lbl_m1@A: LOADFP
LOADSP
STOREFP
RMEM 0
LOAD 4
PUSH lbl_debugPrint@Object
CALL
LOAD 5
PUSH lbl_debugPrint@Object
CALL
FMEM 0
STOREFP
RET 0

lbl_setall@A: LOADFP
LOADSP
STOREFP
RMEM 0
LOAD 3
FMEM 0
STOREFP
RET 1


lbl_constructor@A: NOP
.DATA
VT@B: 
DW lbl_seta4@B
DW lbl_m1@B
DW lbl_m2@B
DW lbl_setall@B

.CODE
lbl_seta4@B: LOADFP
LOADSP
STOREFP
RMEM 0
PUSH 4000
PUSH 55
FMEM 0
STOREFP
RET 0

lbl_m2@B: LOADFP
LOADSP
STOREFP
RMEM 0
LOAD 7
PUSH lbl_debugPrint@Object
CALL
LOAD 8
PUSH lbl_debugPrint@Object
CALL
FMEM 0
STOREFP
RET 0


lbl_constructor@B: NOP
.DATA
VT@Init: 
NOP

.CODE
lbl_main@Init: LOADFP
LOADSP
STOREFP
RMEM 1
STORE 0
FMEM 1
STOREFP
RET 0


lbl_constructor@Init: NOP
